Archive member included to satisfy reference by file (symbol)

C:/esp8266/ESP8266_RTOS_SDK/examples/get-started/medida_tempo/build/bootloader/main\libmain.a(bootloader_start.o)
                              (call_start_cpu)
C:/esp8266/ESP8266_RTOS_SDK/examples/get-started/medida_tempo/build/bootloader/bootloader_support\libbootloader_support.a(bootloader_utility.o)
                              C:/esp8266/ESP8266_RTOS_SDK/examples/get-started/medida_tempo/build/bootloader/main\libmain.a(bootloader_start.o) (bootloader_utility_load_partition_table)
C:/esp8266/ESP8266_RTOS_SDK/examples/get-started/medida_tempo/build/bootloader/bootloader_support\libbootloader_support.a(bootloader_init.o)
                              C:/esp8266/ESP8266_RTOS_SDK/examples/get-started/medida_tempo/build/bootloader/main\libmain.a(bootloader_start.o) (bootloader_init)
C:/esp8266/ESP8266_RTOS_SDK/examples/get-started/medida_tempo/build/bootloader/bootloader_support\libbootloader_support.a(bootloader_flash.o)
                              C:/esp8266/ESP8266_RTOS_SDK/examples/get-started/medida_tempo/build/bootloader/bootloader_support\libbootloader_support.a(bootloader_utility.o) (bootloader_mmap)
C:/esp8266/ESP8266_RTOS_SDK/examples/get-started/medida_tempo/build/bootloader/bootloader_support\libbootloader_support.a(esp_image_format.o)
                              C:/esp8266/ESP8266_RTOS_SDK/examples/get-started/medida_tempo/build/bootloader/bootloader_support\libbootloader_support.a(bootloader_utility.o) (esp_image_load)
C:/esp8266/ESP8266_RTOS_SDK/examples/get-started/medida_tempo/build/bootloader/bootloader_support\libbootloader_support.a(flash_partitions.o)
                              C:/esp8266/ESP8266_RTOS_SDK/examples/get-started/medida_tempo/build/bootloader/bootloader_support\libbootloader_support.a(bootloader_utility.o) (esp_partition_table_basic_verify)
C:/esp8266/ESP8266_RTOS_SDK/examples/get-started/medida_tempo/build/bootloader/bootloader_support\libbootloader_support.a(bootloader_common.o)
                              C:/esp8266/ESP8266_RTOS_SDK/examples/get-started/medida_tempo/build/bootloader/bootloader_support\libbootloader_support.a(bootloader_utility.o) (bootloader_common_ota_select_valid)
C:/esp8266/ESP8266_RTOS_SDK/examples/get-started/medida_tempo/build/bootloader/spi_flash\libspi_flash.a(spi_flash.o)
                              C:/esp8266/ESP8266_RTOS_SDK/examples/get-started/medida_tempo/build/bootloader/bootloader_support\libbootloader_support.a(bootloader_flash.o) (g_rom_flashchip)
C:/esp8266/ESP8266_RTOS_SDK/examples/get-started/medida_tempo/build/bootloader/spi_flash\libspi_flash.a(spi_flash_raw.o)
                              C:/esp8266/ESP8266_RTOS_SDK/examples/get-started/medida_tempo/build/bootloader/bootloader_support\libbootloader_support.a(bootloader_flash.o) (spi_flash_get_id_raw)
C:/esp8266/ESP8266_RTOS_SDK/examples/get-started/medida_tempo/build/bootloader/log\liblog.a(log.o)
                              C:/esp8266/ESP8266_RTOS_SDK/examples/get-started/medida_tempo/build/bootloader/bootloader_support\libbootloader_support.a(bootloader_common.o) (esp_log_early_timestamp)
C:/esp8266/ESP8266_RTOS_SDK/examples/get-started/medida_tempo/build/bootloader/esp8266\libesp8266.a(ets_printf.o)
                              C:/esp8266/ESP8266_RTOS_SDK/examples/get-started/medida_tempo/build/bootloader/log\liblog.a(log.o) (ets_vprintf)
C:/esp8266/ESP8266_RTOS_SDK/examples/get-started/medida_tempo/build/bootloader/esp8266\libesp8266.a(crc.o)
                              C:/esp8266/ESP8266_RTOS_SDK/examples/get-started/medida_tempo/build/bootloader/bootloader_support\libbootloader_support.a(bootloader_common.o) (crc32_le)
C:/esp8266/ESP8266_RTOS_SDK/examples/get-started/medida_tempo/build/bootloader/esp8266\libesp8266.a(esp_fast_boot.o)
                              C:/esp8266/ESP8266_RTOS_SDK/examples/get-started/medida_tempo/build/bootloader/bootloader_support\libbootloader_support.a(bootloader_utility.o) (esp_fast_boot_get_info)
C:/esp8266/ESP8266_RTOS_SDK/components/esp8266/lib\libcore.a(phy.o)
                              C:/esp8266/ESP8266_RTOS_SDK/examples/get-started/medida_tempo/build/bootloader/bootloader_support\libbootloader_support.a(bootloader_init.o) (phy_reg_default)
C:/esp8266/ESP8266_RTOS_SDK/components/esp8266/lib\libcore.a(uart.o)
                              C:/esp8266/ESP8266_RTOS_SDK/examples/get-started/medida_tempo/build/bootloader/bootloader_support\libbootloader_support.a(bootloader_init.o) (uart_div_modify)

Allocating common symbols
Common symbol       size              file

esp_image_spi_freq_t
                    0x4               C:/esp8266/ESP8266_RTOS_SDK/examples/get-started/medida_tempo/build/bootloader/main\libmain.a(bootloader_start.o)

Discarded input sections

 .text          0x00000000        0x0 C:/esp8266/ESP8266_RTOS_SDK/examples/get-started/medida_tempo/build/bootloader/main\libmain.a(bootloader_start.o)
[...]
Memory Configuration

Name             Origin             Length             Attributes
dport0_seg       0x3ff00000         0x00000010
dram_seg         0x3ffe8000         0x00017c00
iram_seg         0x40100000         0x00008000
*default*        0x00000000         0xffffffff

Linker script and memory map

START GROUP
LOAD C:/esp8266/ESP8266_RTOS_SDK/examples/get-started/medida_tempo/build/bootloader/main\libmain.a
LOAD C:/esp8266/ESP8266_RTOS_SDK/components/esp8266/lib\libcore.a
LOAD C:/esp8266/ESP8266_RTOS_SDK/examples/get-started/medida_tempo/build/bootloader/bootloader_support\libbootloader_support.a
LOAD C:/esp8266/ESP8266_RTOS_SDK/examples/get-started/medida_tempo/build/bootloader/spi_flash\libspi_flash.a
LOAD C:/esp8266/ESP8266_RTOS_SDK/examples/get-started/medida_tempo/build/bootloader/log\liblog.a
LOAD C:/esp8266/ESP8266_RTOS_SDK/examples/get-started/medida_tempo/build/bootloader/esp8266\libesp8266.a
LOAD C:/esp8266/ESP8266_RTOS_SDK/components/esp8266/lib\libgcc.a
LOAD c:/esp8266/xtensa-lx106-elf/bin/../lib/gcc/xtensa-lx106-elf/8.4.0/../../../../xtensa-lx106-elf/lib\libstdc++.a
LOAD c:/esp8266/xtensa-lx106-elf/bin/../lib/gcc/xtensa-lx106-elf/8.4.0\libgcov.a
END GROUP

.text           0x40100000     0x1ded
                0x40100000                _stext = .
                0x40100000                _text_start = ABSOLUTE (.)
                0x40100000                . = ALIGN (0x10)
 *(.entry.text)
 *(.init.literal)
 *(.init)
 *(.literal .text .literal.* .text.* .stub .gnu.warning .gnu.linkonce.literal.* .gnu.linkonce.t.*.literal .gnu.linkonce.t.*)
 .literal.selected_boot_partition
                0x40100000        0x0 C:/esp8266/ESP8266_RTOS_SDK/examples/get-started/medida_tempo/build/bootloader/main\libmain.a(bootloader_start.o)
                                  0x4 (size before relaxing)
 .literal.select_image
                0x40100000        0xc C:/esp8266/ESP8266_RTOS_SDK/examples/get-started/medida_tempo/build/bootloader/main\libmain.a(bootloader_start.o)
                                 0x1c (size before relaxing)
 .literal.call_start_cpu
                0x4010000c        0x0 C:/esp8266/ESP8266_RTOS_SDK/examples/get-started/medida_tempo/build/bootloader/main\libmain.a(bootloader_start.o)
                                  0xc (size before relaxing)
 .literal.bootloader_utility_start_image
                0x4010000c        0x0 C:/esp8266/ESP8266_RTOS_SDK/examples/get-started/medida_tempo/build/bootloader/bootloader_support\libbootloader_support.a(bootloader_utility.o)
                                  0x4 (size before relaxing)
 .literal.log_invalid_app_partition
                0x4010000c       0x14 C:/esp8266/ESP8266_RTOS_SDK/examples/get-started/medida_tempo/build/bootloader/bootloader_support\libbootloader_support.a(bootloader_utility.o)
                                 0x20 (size before relaxing)
 .literal.try_load_partition
                0x40100020        0x4 C:/esp8266/ESP8266_RTOS_SDK/examples/get-started/medida_tempo/build/bootloader/bootloader_support\libbootloader_support.a(bootloader_utility.o)
                                 0x10 (size before relaxing)
 .literal.bootloader_utility_load_partition_table
                0x40100024       0x4c C:/esp8266/ESP8266_RTOS_SDK/examples/get-started/medida_tempo/build/bootloader/bootloader_support\libbootloader_support.a(bootloader_utility.o)
                                 0x74 (size before relaxing)
 .literal.bootloader_utility_get_selected_boot_partition
                0x40100070       0x1c C:/esp8266/ESP8266_RTOS_SDK/examples/get-started/medida_tempo/build/bootloader/bootloader_support\libbootloader_support.a(bootloader_utility.o)
                                 0x5c (size before relaxing)
 .literal.bootloader_utility_load_boot_image
                0x4010008c        0xc C:/esp8266/ESP8266_RTOS_SDK/examples/get-started/medida_tempo/build/bootloader/bootloader_support\libbootloader_support.a(bootloader_utility.o)
                                 0x40 (size before relaxing)
 .literal.bootloader_utility_load_image
                0x40100098        0x0 C:/esp8266/ESP8266_RTOS_SDK/examples/get-started/medida_tempo/build/bootloader/bootloader_support\libbootloader_support.a(bootloader_utility.o)
                                  0x4 (size before relaxing)
 .literal.print_flash_info
                0x40100098       0x48 C:/esp8266/ESP8266_RTOS_SDK/examples/get-started/medida_tempo/build/bootloader/bootloader_support\libbootloader_support.a(bootloader_init.o)
                                 0x54 (size before relaxing)
 .literal.uart_console_configure
                0x401000e0        0x8 C:/esp8266/ESP8266_RTOS_SDK/examples/get-started/medida_tempo/build/bootloader/bootloader_support\libbootloader_support.a(bootloader_init.o)
                                  0xc (size before relaxing)
 .literal.update_flash_config
                0x401000e8        0x4 C:/esp8266/ESP8266_RTOS_SDK/examples/get-started/medida_tempo/build/bootloader/bootloader_support\libbootloader_support.a(bootloader_init.o)
                                  0x8 (size before relaxing)
 .literal.bootloader_main
                0x401000ec       0x14 C:/esp8266/ESP8266_RTOS_SDK/examples/get-started/medida_tempo/build/bootloader/bootloader_support\libbootloader_support.a(bootloader_init.o)
                                 0x40 (size before relaxing)
 .literal.bootloader_init
                0x40100100        0x8 C:/esp8266/ESP8266_RTOS_SDK/examples/get-started/medida_tempo/build/bootloader/bootloader_support\libbootloader_support.a(bootloader_init.o)
                                 0x10 (size before relaxing)
 .literal.bootloader_flash_read_no_decrypt
                0x40100108        0x4 C:/esp8266/ESP8266_RTOS_SDK/examples/get-started/medida_tempo/build/bootloader/bootloader_support\libbootloader_support.a(bootloader_flash.o)
 .literal.bootloader_mmap
                0x4010010c       0x30 C:/esp8266/ESP8266_RTOS_SDK/examples/get-started/medida_tempo/build/bootloader/bootloader_support\libbootloader_support.a(bootloader_flash.o)
                                 0x3c (size before relaxing)
 .literal.bootloader_munmap
                0x4010013c        0x0 C:/esp8266/ESP8266_RTOS_SDK/examples/get-started/medida_tempo/build/bootloader/bootloader_support\libbootloader_support.a(bootloader_flash.o)
                                  0x8 (size before relaxing)
 .literal.bootloader_flash_read
                0x4010013c        0xc C:/esp8266/ESP8266_RTOS_SDK/examples/get-started/medida_tempo/build/bootloader/bootloader_support\libbootloader_support.a(bootloader_flash.o)
                                 0x20 (size before relaxing)
 .literal.bootloader_read_flash_id
                0x40100148        0xc C:/esp8266/ESP8266_RTOS_SDK/examples/get-started/medida_tempo/build/bootloader/bootloader_support\libbootloader_support.a(bootloader_flash.o)
                                 0x10 (size before relaxing)
 .literal.bootloader_execute_flash_command
                0x40100154        0x4 C:/esp8266/ESP8266_RTOS_SDK/examples/get-started/medida_tempo/build/bootloader/bootloader_support\libbootloader_support.a(bootloader_flash.o)
                                 0x14 (size before relaxing)
 .literal.bootloader_flash_read_sfdp
                0x40100158        0x4 C:/esp8266/ESP8266_RTOS_SDK/examples/get-started/medida_tempo/build/bootloader/bootloader_support\libbootloader_support.a(bootloader_flash.o)
                                 0x14 (size before relaxing)
 .literal.bootloader_flash_xmc_startup
                0x4010015c        0xc C:/esp8266/ESP8266_RTOS_SDK/examples/get-started/medida_tempo/build/bootloader/bootloader_support\libbootloader_support.a(bootloader_flash.o)
                                 0x40 (size before relaxing)
 .literal.should_map
                0x40100168        0x8 C:/esp8266/ESP8266_RTOS_SDK/examples/get-started/medida_tempo/build/bootloader/bootloader_support\libbootloader_support.a(esp_image_format.o)
 .literal.should_load
                0x40100170        0x0 C:/esp8266/ESP8266_RTOS_SDK/examples/get-started/medida_tempo/build/bootloader/bootloader_support\libbootloader_support.a(esp_image_format.o)
                                  0x4 (size before relaxing)
 .literal.verify_image_header
                0x40100170       0x14 C:/esp8266/ESP8266_RTOS_SDK/examples/get-started/medida_tempo/build/bootloader/bootloader_support\libbootloader_support.a(esp_image_format.o)
                                 0x20 (size before relaxing)
 .literal.process_segment_data
                0x40100184        0x8 C:/esp8266/ESP8266_RTOS_SDK/examples/get-started/medida_tempo/build/bootloader/bootloader_support\libbootloader_support.a(esp_image_format.o)
                                 0x14 (size before relaxing)
 .literal.verify_checksum
                0x4010018c        0x8 C:/esp8266/ESP8266_RTOS_SDK/examples/get-started/medida_tempo/build/bootloader/bootloader_support\libbootloader_support.a(esp_image_format.o)
                                 0x1c (size before relaxing)
 .literal.process_segment
                0x40100194       0x18 C:/esp8266/ESP8266_RTOS_SDK/examples/get-started/medida_tempo/build/bootloader/bootloader_support\libbootloader_support.a(esp_image_format.o)
                                 0x40 (size before relaxing)
 .literal.esp_image_load
                0x401001ac       0x14 C:/esp8266/ESP8266_RTOS_SDK/examples/get-started/medida_tempo/build/bootloader/bootloader_support\libbootloader_support.a(esp_image_format.o)
                                 0x44 (size before relaxing)
 .literal.esp_partition_table_basic_verify
                0x401001c0       0x18 C:/esp8266/ESP8266_RTOS_SDK/examples/get-started/medida_tempo/build/bootloader/bootloader_support\libbootloader_support.a(flash_partitions.o)
                                 0x2c (size before relaxing)
 .literal.bootloader_common_ota_select_crc
                0x401001d8        0x0 C:/esp8266/ESP8266_RTOS_SDK/examples/get-started/medida_tempo/build/bootloader/bootloader_support\libbootloader_support.a(bootloader_common.o)
                                  0x4 (size before relaxing)
 .literal.bootloader_common_ota_select_valid
                0x401001d8        0x0 C:/esp8266/ESP8266_RTOS_SDK/examples/get-started/medida_tempo/build/bootloader/bootloader_support\libbootloader_support.a(bootloader_common.o)
                                  0x4 (size before relaxing)
 .literal.spi_user_cmd
                0x401001d8        0x4 C:/esp8266/ESP8266_RTOS_SDK/examples/get-started/medida_tempo/build/bootloader/spi_flash\libspi_flash.a(spi_flash.o)
                                  0xc (size before relaxing)
 .literal.special_flash_read_status
                0x401001dc        0x0 C:/esp8266/ESP8266_RTOS_SDK/examples/get-started/medida_tempo/build/bootloader/spi_flash\libspi_flash.a(spi_flash.o)
                                  0x4 (size before relaxing)
 .literal.flash_gd25q32c_read_status
                0x401001dc        0x0 C:/esp8266/ESP8266_RTOS_SDK/examples/get-started/medida_tempo/build/bootloader/spi_flash\libspi_flash.a(spi_flash.o)
                                  0x4 (size before relaxing)
 .literal.special_flash_write_status
                0x401001dc        0x0 C:/esp8266/ESP8266_RTOS_SDK/examples/get-started/medida_tempo/build/bootloader/spi_flash\libspi_flash.a(spi_flash.o)
                                  0x8 (size before relaxing)
 .literal.spi_flash_enable_qio_bit6
                0x401001dc        0x0 C:/esp8266/ESP8266_RTOS_SDK/examples/get-started/medida_tempo/build/bootloader/spi_flash\libspi_flash.a(spi_flash.o)
                                  0x4 (size before relaxing)
 .literal.flash_gd25q32c_write_status
                0x401001dc        0x0 C:/esp8266/ESP8266_RTOS_SDK/examples/get-started/medida_tempo/build/bootloader/spi_flash\libspi_flash.a(spi_flash.o)
                                  0x4 (size before relaxing)
 .literal.flash_gd25q32c_enable_QIO_mode
                0x401001dc        0x0 C:/esp8266/ESP8266_RTOS_SDK/examples/get-started/medida_tempo/build/bootloader/spi_flash\libspi_flash.a(spi_flash.o)
                                  0xc (size before relaxing)
 .literal.en25q16x_read_sfdp
                0x401001dc        0x4 C:/esp8266/ESP8266_RTOS_SDK/examples/get-started/medida_tempo/build/bootloader/spi_flash\libspi_flash.a(spi_flash.o)
                                  0x8 (size before relaxing)
 .literal.spi_flash_get_id
                0x401001e0        0x0 C:/esp8266/ESP8266_RTOS_SDK/examples/get-started/medida_tempo/build/bootloader/spi_flash\libspi_flash.a(spi_flash.o)
                                  0xc (size before relaxing)
 .literal.spi_flash_read_status
                0x401001e0        0x0 C:/esp8266/ESP8266_RTOS_SDK/examples/get-started/medida_tempo/build/bootloader/spi_flash\libspi_flash.a(spi_flash.o)
                                  0xc (size before relaxing)
 .literal.spi_flash_issi_enable_QIO_mode
                0x401001e0        0x0 C:/esp8266/ESP8266_RTOS_SDK/examples/get-started/medida_tempo/build/bootloader/spi_flash\libspi_flash.a(spi_flash.o)
                                  0xc (size before relaxing)
 .literal.special_flash_set_mode
                0x401001e0        0x0 C:/esp8266/ESP8266_RTOS_SDK/examples/get-started/medida_tempo/build/bootloader/spi_flash\libspi_flash.a(spi_flash.o)
                                  0x8 (size before relaxing)
 .literal.en25q16x_write_volatile_status
                0x401001e0        0x0 C:/esp8266/ESP8266_RTOS_SDK/examples/get-started/medida_tempo/build/bootloader/spi_flash\libspi_flash.a(spi_flash.o)
                                 0x14 (size before relaxing)
 .literal.user_spi_flash_dio_to_qio_pre_init
                0x401001e0       0x10 C:/esp8266/ESP8266_RTOS_SDK/examples/get-started/medida_tempo/build/bootloader/spi_flash\libspi_flash.a(spi_flash.o)
                                 0x38 (size before relaxing)
 .literal.esp_spi_flash_init
                0x401001f0       0x20 C:/esp8266/ESP8266_RTOS_SDK/examples/get-started/medida_tempo/build/bootloader/spi_flash\libspi_flash.a(spi_flash.o)
                                 0x28 (size before relaxing)
 .literal.Cache_Read_Disable_2
                0x40100210        0xc C:/esp8266/ESP8266_RTOS_SDK/examples/get-started/medida_tempo/build/bootloader/spi_flash\libspi_flash.a(spi_flash_raw.o)
                                 0x10 (size before relaxing)
 .literal.Cache_Read_Enable_2
                0x4010021c        0x4 C:/esp8266/ESP8266_RTOS_SDK/examples/get-started/medida_tempo/build/bootloader/spi_flash\libspi_flash.a(spi_flash_raw.o)
                                  0xc (size before relaxing)
 .literal.spi_flash_get_id_raw
                0x40100220       0x10 C:/esp8266/ESP8266_RTOS_SDK/examples/get-started/medida_tempo/build/bootloader/spi_flash\libspi_flash.a(spi_flash_raw.o)
                                 0x14 (size before relaxing)
 .literal.spi_flash_read_status_raw
                0x40100230        0x4 C:/esp8266/ESP8266_RTOS_SDK/examples/get-started/medida_tempo/build/bootloader/spi_flash\libspi_flash.a(spi_flash_raw.o)
                                  0xc (size before relaxing)
 .literal.spi_flash_enable_qmode_raw
                0x40100234        0x4 C:/esp8266/ESP8266_RTOS_SDK/examples/get-started/medida_tempo/build/bootloader/spi_flash\libspi_flash.a(spi_flash_raw.o)
                                 0x10 (size before relaxing)
 .literal.spi_user_cmd_raw
                0x40100238       0x64 C:/esp8266/ESP8266_RTOS_SDK/examples/get-started/medida_tempo/build/bootloader/spi_flash\libspi_flash.a(spi_flash_raw.o)
                                 0x84 (size before relaxing)
 .literal.spi_flash_switch_to_qio_raw
                0x4010029c        0x8 C:/esp8266/ESP8266_RTOS_SDK/examples/get-started/medida_tempo/build/bootloader/spi_flash\libspi_flash.a(spi_flash_raw.o)
                                  0xc (size before relaxing)
 .literal.uart_putc
                0x401002a4        0x4 C:/esp8266/ESP8266_RTOS_SDK/examples/get-started/medida_tempo/build/bootloader/esp8266\libesp8266.a(ets_printf.o)
                                  0x8 (size before relaxing)
 .literal.ets_putc
                0x401002a8        0x0 C:/esp8266/ESP8266_RTOS_SDK/examples/get-started/medida_tempo/build/bootloader/esp8266\libesp8266.a(ets_printf.o)
                                  0x8 (size before relaxing)
 .literal.ets_vprintf
                0x401002a8        0x8 C:/esp8266/ESP8266_RTOS_SDK/examples/get-started/medida_tempo/build/bootloader/esp8266\libesp8266.a(ets_printf.o)
 .literal.crc32_le
                0x401002b0        0x4 C:/esp8266/ESP8266_RTOS_SDK/examples/get-started/medida_tempo/build/bootloader/esp8266\libesp8266.a(crc.o)
 .iram1.0.literal
                0x401002b4        0x8 C:/esp8266/ESP8266_RTOS_SDK/examples/get-started/medida_tempo/build/bootloader/log\liblog.a(log.o)
 .iram1.1.literal
                0x401002bc       0x18 C:/esp8266/ESP8266_RTOS_SDK/examples/get-started/medida_tempo/build/bootloader/log\liblog.a(log.o)
                                 0x30 (size before relaxing)
 .iram1.0.literal
                0x401002d4        0x0 C:/esp8266/ESP8266_RTOS_SDK/examples/get-started/medida_tempo/build/bootloader/esp8266\libesp8266.a(ets_printf.o)
                                  0x8 (size before relaxing)
 .text.selected_boot_partition
                0x401002d4        0xf C:/esp8266/ESP8266_RTOS_SDK/examples/get-started/medida_tempo/build/bootloader/main\libmain.a(bootloader_start.o)
                                 0x13 (size before relaxing)
 *fill*         0x401002e3        0x1 
 .text.select_image
                0x401002e4       0x68 C:/esp8266/ESP8266_RTOS_SDK/examples/get-started/medida_tempo/build/bootloader/main\libmain.a(bootloader_start.o)
                                 0x70 (size before relaxing)
 .text.call_start_cpu
                0x4010034c       0x2a C:/esp8266/ESP8266_RTOS_SDK/examples/get-started/medida_tempo/build/bootloader/main\libmain.a(bootloader_start.o)
                                 0x32 (size before relaxing)
                0x4010034c                call_start_cpu
 *fill*         0x40100376        0x2 
 .text.bootloader_utility_start_image
                0x40100378       0x20 C:/esp8266/ESP8266_RTOS_SDK/examples/get-started/medida_tempo/build/bootloader/bootloader_support\libbootloader_support.a(bootloader_utility.o)
                                 0x24 (size before relaxing)
 .text.log_invalid_app_partition
                0x40100398       0x4b C:/esp8266/ESP8266_RTOS_SDK/examples/get-started/medida_tempo/build/bootloader/bootloader_support\libbootloader_support.a(bootloader_utility.o)
                                 0x53 (size before relaxing)
 *fill*         0x401003e3        0x1 
 .text.try_load_partition
                0x401003e4       0x3d C:/esp8266/ESP8266_RTOS_SDK/examples/get-started/medida_tempo/build/bootloader/bootloader_support\libbootloader_support.a(bootloader_utility.o)
                                 0x41 (size before relaxing)
 *fill*         0x40100421        0x3 
 .text.bootloader_utility_load_partition_table
                0x40100424      0x170 C:/esp8266/ESP8266_RTOS_SDK/examples/get-started/medida_tempo/build/bootloader/bootloader_support\libbootloader_support.a(bootloader_utility.o)
                                0x184 (size before relaxing)
                0x40100424                bootloader_utility_load_partition_table
 .text.bootloader_utility_get_selected_boot_partition
                0x40100594      0x13c C:/esp8266/ESP8266_RTOS_SDK/examples/get-started/medida_tempo/build/bootloader/bootloader_support\libbootloader_support.a(bootloader_utility.o)
                                0x14c (size before relaxing)
                0x40100594                bootloader_utility_get_selected_boot_partition
 .text.bootloader_utility_load_boot_image
                0x401006d0       0xd6 C:/esp8266/ESP8266_RTOS_SDK/examples/get-started/medida_tempo/build/bootloader/bootloader_support\libbootloader_support.a(bootloader_utility.o)
                                 0xfa (size before relaxing)
                0x401006d0                bootloader_utility_load_boot_image
 *fill*         0x401007a6        0x2 
 .text.bootloader_utility_load_image
                0x401007a8       0x19 C:/esp8266/ESP8266_RTOS_SDK/examples/get-started/medida_tempo/build/bootloader/bootloader_support\libbootloader_support.a(bootloader_utility.o)
                0x401007a8                bootloader_utility_load_image
 *fill*         0x401007c1        0x3 
 .text.print_flash_info
                0x401007c4       0xc7 C:/esp8266/ESP8266_RTOS_SDK/examples/get-started/medida_tempo/build/bootloader/bootloader_support\libbootloader_support.a(bootloader_init.o)
                                 0xcb (size before relaxing)
 *fill*         0x4010088b        0x1 
 .text.uart_console_configure
                0x4010088c       0x23 C:/esp8266/ESP8266_RTOS_SDK/examples/get-started/medida_tempo/build/bootloader/bootloader_support\libbootloader_support.a(bootloader_init.o)
 *fill*         0x401008af        0x1 
 .text.update_flash_config
                0x401008b0       0x21 C:/esp8266/ESP8266_RTOS_SDK/examples/get-started/medida_tempo/build/bootloader/bootloader_support\libbootloader_support.a(bootloader_init.o)
 *fill*         0x401008d1        0x3 
 .text.bootloader_main
                0x401008d4       0x81 C:/esp8266/ESP8266_RTOS_SDK/examples/get-started/medida_tempo/build/bootloader/bootloader_support\libbootloader_support.a(bootloader_init.o)
                                 0x99 (size before relaxing)
 *fill*         0x40100955        0x3 
 .text.bootloader_init
                0x40100958       0x25 C:/esp8266/ESP8266_RTOS_SDK/examples/get-started/medida_tempo/build/bootloader/bootloader_support\libbootloader_support.a(bootloader_init.o)
                                 0x29 (size before relaxing)
                0x40100958                bootloader_init
 *fill*         0x4010097d        0x3 
 .text.bootloader_flash_read_no_decrypt
                0x40100980       0x15 C:/esp8266/ESP8266_RTOS_SDK/examples/get-started/medida_tempo/build/bootloader/bootloader_support\libbootloader_support.a(bootloader_flash.o)
 *fill*         0x40100995        0x3 
 .text.bootloader_mmap
                0x40100998       0xa6 C:/esp8266/ESP8266_RTOS_SDK/examples/get-started/medida_tempo/build/bootloader/bootloader_support\libbootloader_support.a(bootloader_flash.o)
                0x40100998                bootloader_mmap
 *fill*         0x40100a3e        0x2 
 .text.bootloader_munmap
                0x40100a40       0x23 C:/esp8266/ESP8266_RTOS_SDK/examples/get-started/medida_tempo/build/bootloader/bootloader_support\libbootloader_support.a(bootloader_flash.o)
                0x40100a40                bootloader_munmap
 *fill*         0x40100a63        0x1 
 .text.bootloader_flash_read
                0x40100a64       0x62 C:/esp8266/ESP8266_RTOS_SDK/examples/get-started/medida_tempo/build/bootloader/bootloader_support\libbootloader_support.a(bootloader_flash.o)
                                 0x65 (size before relaxing)
                0x40100a64                bootloader_flash_read
 *fill*         0x40100ac6        0x2 
 .text.bootloader_read_flash_id
                0x40100ac8       0x2d C:/esp8266/ESP8266_RTOS_SDK/examples/get-started/medida_tempo/build/bootloader/bootloader_support\libbootloader_support.a(bootloader_flash.o)
                0x40100ac8                bootloader_read_flash_id
 *fill*         0x40100af5        0x3 
 .text.bootloader_execute_flash_command
                0x40100af8       0x4d C:/esp8266/ESP8266_RTOS_SDK/examples/get-started/medida_tempo/build/bootloader/bootloader_support\libbootloader_support.a(bootloader_flash.o)
                                 0x51 (size before relaxing)
                0x40100af8                bootloader_execute_flash_command
 *fill*         0x40100b45        0x3 
 .text.bootloader_flash_read_sfdp
                0x40100b48       0x51 C:/esp8266/ESP8266_RTOS_SDK/examples/get-started/medida_tempo/build/bootloader/bootloader_support\libbootloader_support.a(bootloader_flash.o)
                                 0x55 (size before relaxing)
                0x40100b48                bootloader_flash_read_sfdp
 *fill*         0x40100b99        0x3 
 .text.bootloader_flash_xmc_startup
                0x40100b9c       0x99 C:/esp8266/ESP8266_RTOS_SDK/examples/get-started/medida_tempo/build/bootloader/bootloader_support\libbootloader_support.a(bootloader_flash.o)
                                 0xbd (size before relaxing)
                0x40100b9c                bootloader_flash_xmc_startup
 *fill*         0x40100c35        0x3 
 .text.should_map
                0x40100c38       0x15 C:/esp8266/ESP8266_RTOS_SDK/examples/get-started/medida_tempo/build/bootloader/bootloader_support\libbootloader_support.a(esp_image_format.o)
 *fill*         0x40100c4d        0x3 
 .text.should_load
                0x40100c50       0x19 C:/esp8266/ESP8266_RTOS_SDK/examples/get-started/medida_tempo/build/bootloader/bootloader_support\libbootloader_support.a(esp_image_format.o)
                                 0x1d (size before relaxing)
 *fill*         0x40100c69        0x3 
 .text.verify_image_header
                0x40100c6c       0x7d C:/esp8266/ESP8266_RTOS_SDK/examples/get-started/medida_tempo/build/bootloader/bootloader_support\libbootloader_support.a(esp_image_format.o)
                                 0x85 (size before relaxing)
 *fill*         0x40100ce9        0x3 
 .text.process_segment_data
                0x40100cec       0x89 C:/esp8266/ESP8266_RTOS_SDK/examples/get-started/medida_tempo/build/bootloader/bootloader_support\libbootloader_support.a(esp_image_format.o)
                                 0x91 (size before relaxing)
 *fill*         0x40100d75        0x3 
 .text.verify_checksum
                0x40100d78       0x9c C:/esp8266/ESP8266_RTOS_SDK/examples/get-started/medida_tempo/build/bootloader/bootloader_support\libbootloader_support.a(esp_image_format.o)
                                 0xa0 (size before relaxing)
 .text.process_segment
                0x40100e14      0x10b C:/esp8266/ESP8266_RTOS_SDK/examples/get-started/medida_tempo/build/bootloader/bootloader_support\libbootloader_support.a(esp_image_format.o)
                                0x117 (size before relaxing)
 *fill*         0x40100f1f        0x1 
 .text.esp_image_load
                0x40100f20      0x18d C:/esp8266/ESP8266_RTOS_SDK/examples/get-started/medida_tempo/build/bootloader/bootloader_support\libbootloader_support.a(esp_image_format.o)
                                0x1a5 (size before relaxing)
                0x40100f20                esp_image_load
 *fill*         0x401010ad        0x3 
 .text.esp_partition_table_basic_verify
                0x401010b0       0xd7 C:/esp8266/ESP8266_RTOS_SDK/examples/get-started/medida_tempo/build/bootloader/bootloader_support\libbootloader_support.a(flash_partitions.o)
                0x401010b0                esp_partition_table_basic_verify
 *fill*         0x40101187        0x1 
 .text.bootloader_common_ota_select_crc
                0x40101188       0x18 C:/esp8266/ESP8266_RTOS_SDK/examples/get-started/medida_tempo/build/bootloader/bootloader_support\libbootloader_support.a(bootloader_common.o)
                0x40101188                bootloader_common_ota_select_crc
 .text.bootloader_common_ota_select_valid
                0x401011a0       0x2c C:/esp8266/ESP8266_RTOS_SDK/examples/get-started/medida_tempo/build/bootloader/bootloader_support\libbootloader_support.a(bootloader_common.o)
                0x401011a0                bootloader_common_ota_select_valid
 .text.spi_user_cmd
                0x401011cc       0x4d C:/esp8266/ESP8266_RTOS_SDK/examples/get-started/medida_tempo/build/bootloader/spi_flash\libspi_flash.a(spi_flash.o)
                0x401011cc                spi_user_cmd
 *fill*         0x40101219        0x3 
 .text.special_flash_read_status
                0x4010121c       0x39 C:/esp8266/ESP8266_RTOS_SDK/examples/get-started/medida_tempo/build/bootloader/spi_flash\libspi_flash.a(spi_flash.o)
                                 0x3d (size before relaxing)
                0x4010121c                special_flash_read_status
 *fill*         0x40101255        0x3 
 .text.flash_gd25q32c_read_status
                0x40101258       0x33 C:/esp8266/ESP8266_RTOS_SDK/examples/get-started/medida_tempo/build/bootloader/spi_flash\libspi_flash.a(spi_flash.o)
 *fill*         0x4010128b        0x1 
 .text.special_flash_write_status
                0x4010128c       0x5c C:/esp8266/ESP8266_RTOS_SDK/examples/get-started/medida_tempo/build/bootloader/spi_flash\libspi_flash.a(spi_flash.o)
                                 0x60 (size before relaxing)
                0x4010128c                special_flash_write_status
 .text.spi_flash_enable_qio_bit6
                0x401012e8       0x17 C:/esp8266/ESP8266_RTOS_SDK/examples/get-started/medida_tempo/build/bootloader/spi_flash\libspi_flash.a(spi_flash.o)
                                 0x1b (size before relaxing)
 *fill*         0x401012ff        0x1 
 .text.flash_gd25q32c_write_status
                0x40101300       0x30 C:/esp8266/ESP8266_RTOS_SDK/examples/get-started/medida_tempo/build/bootloader/spi_flash\libspi_flash.a(spi_flash.o)
 .text.flash_gd25q32c_enable_QIO_mode
                0x40101330       0x3e C:/esp8266/ESP8266_RTOS_SDK/examples/get-started/medida_tempo/build/bootloader/spi_flash\libspi_flash.a(spi_flash.o)
                                 0x46 (size before relaxing)
 *fill*         0x4010136e        0x2 
 .text.en25q16x_read_sfdp
                0x40101370       0x43 C:/esp8266/ESP8266_RTOS_SDK/examples/get-started/medida_tempo/build/bootloader/spi_flash\libspi_flash.a(spi_flash.o)
                0x40101370                en25q16x_read_sfdp
 *fill*         0x401013b3        0x1 
 .text.spi_flash_get_id
                0x401013b4       0x26 C:/esp8266/ESP8266_RTOS_SDK/examples/get-started/medida_tempo/build/bootloader/spi_flash\libspi_flash.a(spi_flash.o)
                0x401013b4                spi_flash_get_id
 *fill*         0x401013da        0x2 
 .text.spi_flash_read_status
                0x401013dc       0x28 C:/esp8266/ESP8266_RTOS_SDK/examples/get-started/medida_tempo/build/bootloader/spi_flash\libspi_flash.a(spi_flash.o)
                0x401013dc                spi_flash_read_status
 .text.spi_flash_issi_enable_QIO_mode
                0x40101404       0x43 C:/esp8266/ESP8266_RTOS_SDK/examples/get-started/medida_tempo/build/bootloader/spi_flash\libspi_flash.a(spi_flash.o)
                                 0x4b (size before relaxing)
 *fill*         0x40101447        0x1 
 .text.special_flash_set_mode
                0x40101448       0x41 C:/esp8266/ESP8266_RTOS_SDK/examples/get-started/medida_tempo/build/bootloader/spi_flash\libspi_flash.a(spi_flash.o)
                                 0x45 (size before relaxing)
                0x40101448                special_flash_set_mode
 *fill*         0x40101489        0x3 
 .text.en25q16x_write_volatile_status
                0x4010148c       0x4f C:/esp8266/ESP8266_RTOS_SDK/examples/get-started/medida_tempo/build/bootloader/spi_flash\libspi_flash.a(spi_flash.o)
                                 0x5b (size before relaxing)
                0x4010148c                en25q16x_write_volatile_status
 *fill*         0x401014db        0x1 
 .text.user_spi_flash_dio_to_qio_pre_init
                0x401014dc       0xa3 C:/esp8266/ESP8266_RTOS_SDK/examples/get-started/medida_tempo/build/bootloader/spi_flash\libspi_flash.a(spi_flash.o)
                                 0xb2 (size before relaxing)
                0x401014dc                user_spi_flash_dio_to_qio_pre_init
 *fill*         0x4010157f        0x1 
 .text.esp_spi_flash_init
                0x40101580       0xb9 C:/esp8266/ESP8266_RTOS_SDK/examples/get-started/medida_tempo/build/bootloader/spi_flash\libspi_flash.a(spi_flash.o)
                                 0xc1 (size before relaxing)
                0x40101580                esp_spi_flash_init
 *fill*         0x40101639        0x3 
 .text.Cache_Read_Disable_2
                0x4010163c       0x34 C:/esp8266/ESP8266_RTOS_SDK/examples/get-started/medida_tempo/build/bootloader/spi_flash\libspi_flash.a(spi_flash_raw.o)
                0x4010163c                Cache_Read_Disable_2
 .text.Cache_Read_Enable_2
                0x40101670       0x28 C:/esp8266/ESP8266_RTOS_SDK/examples/get-started/medida_tempo/build/bootloader/spi_flash\libspi_flash.a(spi_flash_raw.o)
                0x40101670                Cache_Read_Enable_2
                0x40101670                Cache_Read_Enable_New
 .text.spi_flash_get_id_raw
                0x40101698       0x41 C:/esp8266/ESP8266_RTOS_SDK/examples/get-started/medida_tempo/build/bootloader/spi_flash\libspi_flash.a(spi_flash_raw.o)
                0x40101698                spi_flash_get_id_raw
 *fill*         0x401016d9        0x3 
 .text.spi_flash_read_status_raw
                0x401016dc       0x2f C:/esp8266/ESP8266_RTOS_SDK/examples/get-started/medida_tempo/build/bootloader/spi_flash\libspi_flash.a(spi_flash_raw.o)
                                 0x33 (size before relaxing)
                0x401016dc                spi_flash_read_status_raw
 *fill*         0x4010170b        0x1 
 .text.spi_flash_enable_qmode_raw
                0x4010170c       0x33 C:/esp8266/ESP8266_RTOS_SDK/examples/get-started/medida_tempo/build/bootloader/spi_flash\libspi_flash.a(spi_flash_raw.o)
                                 0x37 (size before relaxing)
                0x4010170c                spi_flash_enable_qmode_raw
 *fill*         0x4010173f        0x1 
 .text.spi_user_cmd_raw
                0x40101740      0x3d1 C:/esp8266/ESP8266_RTOS_SDK/examples/get-started/medida_tempo/build/bootloader/spi_flash\libspi_flash.a(spi_flash_raw.o)
                0x40101740                spi_user_cmd_raw
 *fill*         0x40101b11        0x3 
 .text.spi_flash_switch_to_qio_raw
                0x40101b14       0x25 C:/esp8266/ESP8266_RTOS_SDK/examples/get-started/medida_tempo/build/bootloader/spi_flash\libspi_flash.a(spi_flash_raw.o)
                0x40101b14                spi_flash_switch_to_qio_raw
 *fill*         0x40101b39        0x3 
 .text.uart_putc
                0x40101b3c       0x1b C:/esp8266/ESP8266_RTOS_SDK/examples/get-started/medida_tempo/build/bootloader/esp8266\libesp8266.a(ets_printf.o)
 *fill*         0x40101b57        0x1 
 .text.ets_putc
                0x40101b58       0x27 C:/esp8266/ESP8266_RTOS_SDK/examples/get-started/medida_tempo/build/bootloader/esp8266\libesp8266.a(ets_printf.o)
                0x40101b58                ets_putc
 *fill*         0x40101b7f        0x1 
 .text.ets_vprintf
                0x40101b80       0x1f C:/esp8266/ESP8266_RTOS_SDK/examples/get-started/medida_tempo/build/bootloader/esp8266\libesp8266.a(ets_printf.o)
                0x40101b80                ets_vprintf
 *fill*         0x40101b9f        0x1 
 .text.crc32_le
                0x40101ba0       0x31 C:/esp8266/ESP8266_RTOS_SDK/examples/get-started/medida_tempo/build/bootloader/esp8266\libesp8266.a(crc.o)
                0x40101ba0                crc32_le
 *fill*         0x40101bd1        0x3 
 .text.phy_reg_default
                0x40101bd4       0x36 C:/esp8266/ESP8266_RTOS_SDK/components/esp8266/lib\libcore.a(phy.o)
                0x40101be4                phy_reg_default
 *fill*         0x40101c0a        0x2 
 .text.uart_div_modify
                0x40101c0c       0x50 C:/esp8266/ESP8266_RTOS_SDK/components/esp8266/lib\libcore.a(uart.o)
                0x40101c1c                uart_div_modify
 *fill*         0x40101c5c        0x0 
 *fill*         0x40101c5c        0x0 
 .text.index_to_partition
                0x40101c5c       0x4d C:/esp8266/ESP8266_RTOS_SDK/examples/get-started/medida_tempo/build/bootloader/bootloader_support\libbootloader_support.a(bootloader_utility.o)
 *fill*         0x40101ca9        0x0 
 *fill*         0x40101ca9        0x0 
 *fill*         0x40101ca9        0x0 
 *fill*         0x40101ca9        0x0 
 *fill*         0x40101ca9        0x0 
 *fill*         0x40101ca9        0x0 
 *fill*         0x40101ca9        0x0 
 *fill*         0x40101ca9        0x0 
 *fill*         0x40101ca9        0x0 
 *fill*         0x40101ca9        0x3 
 .text.is_xmc_chip_strict
                0x40101cac       0x58 C:/esp8266/ESP8266_RTOS_SDK/examples/get-started/medida_tempo/build/bootloader/bootloader_support\libbootloader_support.a(bootloader_flash.o)
 *fill*         0x40101d04        0x0 
 *fill*         0x40101d04        0x0 
 *fill*         0x40101d04        0x0 
 *fill*         0x40101d04        0x0 
 *fill*         0x40101d04        0x0 
 *fill*         0x40101d04        0x0 
 *fill*         0x40101d04        0x0 
 *fill*         0x40101d04        0x0 
 .text.verify_segment_header
                0x40101d04        0x4 C:/esp8266/ESP8266_RTOS_SDK/examples/get-started/medida_tempo/build/bootloader/bootloader_support\libbootloader_support.a(esp_image_format.o)
 *fill*         0x40101d08        0x0 
 *fill*         0x40101d08        0x0 
 *fill*         0x40101d08        0x0 
 *fill*         0x40101d08        0x0 
 *fill*         0x40101d08        0x0 
 *fill*         0x40101d08        0x0 
 *fill*         0x40101d08        0x0 
 *fill*         0x40101d08        0x0 
 *fill*         0x40101d08        0x0 
 *fill*         0x40101d08        0x0 
 *fill*         0x40101d08        0x0 
 *fill*         0x40101d08        0x0 
 *fill*         0x40101d08        0x0 
 *fill*         0x40101d08        0x0 
 *fill*         0x40101d08        0x0 
 *fill*         0x40101d08        0x0 
 *fill*         0x40101d08        0x0 
 *fill*         0x40101d08        0x0 
 *fill*         0x40101d08        0x0 
 *fill*         0x40101d08        0x0 
 *fill*         0x40101d08        0x0 
 *fill*         0x40101d08        0x0 
 *fill*         0x40101d08        0x0 
 *fill*         0x40101d08        0x0 
 *fill*         0x40101d08        0x0 
 *fill*         0x40101d08        0x0 
 *fill*         0x40101d08        0x0 
 *fill*         0x40101d08        0x0 
 *fill*         0x40101d08        0x0 
 *(.iram1 .iram1.*)
 .iram1.0       0x40101d08       0x18 C:/esp8266/ESP8266_RTOS_SDK/examples/get-started/medida_tempo/build/bootloader/log\liblog.a(log.o)
                0x40101d08                esp_log_early_timestamp
 .iram1.1       0x40101d20       0x96 C:/esp8266/ESP8266_RTOS_SDK/examples/get-started/medida_tempo/build/bootloader/log\liblog.a(log.o)
                                 0xa1 (size before relaxing)
                0x40101d20                esp_early_log_write
 *fill*         0x40101db6        0x2 
 .iram1.0       0x40101db8       0x35 C:/esp8266/ESP8266_RTOS_SDK/examples/get-started/medida_tempo/build/bootloader/esp8266\libesp8266.a(ets_printf.o)
                                 0x39 (size before relaxing)
                0x40101db8                ets_printf
 *fill*         0x40101ded        0x0 
 *(.fini.literal)
 *(.fini)
 *(.gnu.version)
                0x40101ded                _text_end = ABSOLUTE (.)
                0x40101ded                _etext = .

.bss            0x3ffe8000      0x408
                0x3ffe8000                . = ALIGN (0x8)
                0x3ffe8000                _bss_start = ABSOLUTE (.)
 *(.dynsbss)
 *(.sbss)
 *(.sbss.*)
 *(.gnu.linkonce.sb.*)
 *(.scommon)
 *(.sbss2)
 *(.sbss2.*)
 *(.gnu.linkonce.sb2.*)
 *(.dynbss)
 *(.bss)
 *(.bss.*)
 .bss.mapped    0x3ffe8000        0x1 C:/esp8266/ESP8266_RTOS_SDK/examples/get-started/medida_tempo/build/bootloader/bootloader_support\libbootloader_support.a(bootloader_flash.o)
 *fill*         0x3ffe8001        0x3 
 .bss.pbuf$3628
                0x3ffe8004      0x400 C:/esp8266/ESP8266_RTOS_SDK/examples/get-started/medida_tempo/build/bootloader/bootloader_support\libbootloader_support.a(esp_image_format.o)
 .bss.FlashIsOnGoing
                0x3ffe8404        0x1 C:/esp8266/ESP8266_RTOS_SDK/examples/get-started/medida_tempo/build/bootloader/spi_flash\libspi_flash.a(spi_flash.o)
                0x3ffe8404                FlashIsOnGoing
 *(.gnu.linkonce.b.*)
 *(COMMON)
                0x3ffe8408                . = ALIGN (0x8)
 *fill*         0x3ffe8405        0x3 
                0x3ffe8408                _bss_end = ABSOLUTE (.)

.data           0x3ffe8408       0x18
                0x3ffe8408                _data_start = ABSOLUTE (.)
 *(.data)
 *(.data.*)
 .data.g_rom_flashchip
                0x3ffe8408       0x18 C:/esp8266/ESP8266_RTOS_SDK/examples/get-started/medida_tempo/build/bootloader/spi_flash\libspi_flash.a(spi_flash.o)
                0x3ffe8408                g_rom_flashchip
 *(.gnu.linkonce.d.*)
 *(.data1)
 *(.sdata)
 *(.sdata.*)
 *(.gnu.linkonce.s.*)
 *(.sdata2)
 *(.sdata2.*)
 *(.gnu.linkonce.s2.*)
 *(.jcr)
                0x3ffe8420                _data_end = ABSOLUTE (.)

.rodata         0x3ffe8420      0xd90
                0x3ffe8420                _rodata_start = ABSOLUTE (.)
 *(.rodata)
 *(.rodata.*)
 .rodata.select_image.str1.4
                0x3ffe8420       0x21 C:/esp8266/ESP8266_RTOS_SDK/examples/get-started/medida_tempo/build/bootloader/main\libmain.a(bootloader_start.o)
 *fill*         0x3ffe8441        0x3 
 .rodata.log_invalid_app_partition.str1.4
                0x3ffe8444       0x68 C:/esp8266/ESP8266_RTOS_SDK/examples/get-started/medida_tempo/build/bootloader/bootloader_support\libbootloader_support.a(bootloader_utility.o)
                                 0x70 (size before relaxing)
 .rodata.try_load_partition.str1.4
                0x3ffe84ac       0x29 C:/esp8266/ESP8266_RTOS_SDK/examples/get-started/medida_tempo/build/bootloader/bootloader_support\libbootloader_support.a(bootloader_utility.o)
 *fill*         0x3ffe84d5        0x3 
 .rodata.bootloader_utility_load_partition_table.str1.4
                0x3ffe84d8      0x137 C:/esp8266/ESP8266_RTOS_SDK/examples/get-started/medida_tempo/build/bootloader/bootloader_support\libbootloader_support.a(bootloader_utility.o)
 *fill*         0x3ffe860f        0x1 
 .rodata.bootloader_utility_get_selected_boot_partition.str1.4
                0x3ffe8610       0xef C:/esp8266/ESP8266_RTOS_SDK/examples/get-started/medida_tempo/build/bootloader/bootloader_support\libbootloader_support.a(bootloader_utility.o)
 *fill*         0x3ffe86ff        0x1 
 .rodata.bootloader_utility_load_boot_image.str1.4
                0x3ffe8700       0x9a C:/esp8266/ESP8266_RTOS_SDK/examples/get-started/medida_tempo/build/bootloader/bootloader_support\libbootloader_support.a(bootloader_utility.o)
 *fill*         0x3ffe879a        0x2 
 .rodata.print_flash_info.str1.4
                0x3ffe879c       0x88 C:/esp8266/ESP8266_RTOS_SDK/examples/get-started/medida_tempo/build/bootloader/bootloader_support\libbootloader_support.a(bootloader_init.o)
                                 0x94 (size before relaxing)
 .rodata.print_flash_info
                0x3ffe8824       0x28 C:/esp8266/ESP8266_RTOS_SDK/examples/get-started/medida_tempo/build/bootloader/bootloader_support\libbootloader_support.a(bootloader_init.o)
 .rodata.bootloader_main.str1.4
                0x3ffe884c       0xa2 C:/esp8266/ESP8266_RTOS_SDK/examples/get-started/medida_tempo/build/bootloader/bootloader_support\libbootloader_support.a(bootloader_init.o)
 *fill*         0x3ffe88ee        0x2 
 .rodata.bootloader_mmap.str1.4
                0x3ffe88f0       0x57 C:/esp8266/ESP8266_RTOS_SDK/examples/get-started/medida_tempo/build/bootloader/bootloader_support\libbootloader_support.a(bootloader_flash.o)
 *fill*         0x3ffe8947        0x1 
 .rodata.bootloader_flash_read.str1.4
                0x3ffe8948       0x9f C:/esp8266/ESP8266_RTOS_SDK/examples/get-started/medida_tempo/build/bootloader/bootloader_support\libbootloader_support.a(bootloader_flash.o)
 *fill*         0x3ffe89e7        0x1 
 .rodata.bootloader_execute_flash_command.str1.4
                0x3ffe89e8       0x19 C:/esp8266/ESP8266_RTOS_SDK/examples/get-started/medida_tempo/build/bootloader/bootloader_support\libbootloader_support.a(bootloader_flash.o)
 *fill*         0x3ffe8a01        0x3 
 .rodata.bootloader_flash_read_sfdp.str1.4
                0x3ffe8a04       0x14 C:/esp8266/ESP8266_RTOS_SDK/examples/get-started/medida_tempo/build/bootloader/bootloader_support\libbootloader_support.a(bootloader_flash.o)
 .rodata.bootloader_flash_xmc_startup.str1.4
                0x3ffe8a18       0x2f C:/esp8266/ESP8266_RTOS_SDK/examples/get-started/medida_tempo/build/bootloader/bootloader_support\libbootloader_support.a(bootloader_flash.o)
 *fill*         0x3ffe8a47        0x1 
 .rodata.verify_image_header.str1.4
                0x3ffe8a48       0x82 C:/esp8266/ESP8266_RTOS_SDK/examples/get-started/medida_tempo/build/bootloader/bootloader_support\libbootloader_support.a(esp_image_format.o)
 *fill*         0x3ffe8aca        0x2 
 .rodata.process_segment_data.str1.4
                0x3ffe8acc       0x27 C:/esp8266/ESP8266_RTOS_SDK/examples/get-started/medida_tempo/build/bootloader/bootloader_support\libbootloader_support.a(esp_image_format.o)
 *fill*         0x3ffe8af3        0x1 
 .rodata.verify_checksum.str1.4
                0x3ffe8af4       0x57 C:/esp8266/ESP8266_RTOS_SDK/examples/get-started/medida_tempo/build/bootloader/bootloader_support\libbootloader_support.a(esp_image_format.o)
 *fill*         0x3ffe8b4b        0x1 
 .rodata.process_segment.str1.4
                0x3ffe8b4c       0x8f C:/esp8266/ESP8266_RTOS_SDK/examples/get-started/medida_tempo/build/bootloader/bootloader_support\libbootloader_support.a(esp_image_format.o)
                                 0x93 (size before relaxing)
 *fill*         0x3ffe8bdb        0x1 
 .rodata.esp_image_load.str1.4
                0x3ffe8bdc       0xaf C:/esp8266/ESP8266_RTOS_SDK/examples/get-started/medida_tempo/build/bootloader/bootloader_support\libbootloader_support.a(esp_image_format.o)
 *fill*         0x3ffe8c8b        0x1 
 .rodata.esp_partition_table_basic_verify.str1.4
                0x3ffe8c8c       0xb4 C:/esp8266/ESP8266_RTOS_SDK/examples/get-started/medida_tempo/build/bootloader/bootloader_support\libbootloader_support.a(flash_partitions.o)
 .rodata.esp_spi_flash_init.str1.4
                0x3ffe8d40       0x29 C:/esp8266/ESP8266_RTOS_SDK/examples/get-started/medida_tempo/build/bootloader/spi_flash\libspi_flash.a(spi_flash.o)
 *fill*         0x3ffe8d69        0x3 
 .rodata.str1.4
                0x3ffe8d6c       0x24 C:/esp8266/ESP8266_RTOS_SDK/examples/get-started/medida_tempo/build/bootloader/log\liblog.a(log.o)
                                 0x22 (size before relaxing)
 .rodata.s_log_prefix
                0x3ffe8d90        0x6 C:/esp8266/ESP8266_RTOS_SDK/examples/get-started/medida_tempo/build/bootloader/log\liblog.a(log.o)
 *fill*         0x3ffe8d96        0x2 
 .rodata.s_log_color
                0x3ffe8d98       0x18 C:/esp8266/ESP8266_RTOS_SDK/examples/get-started/medida_tempo/build/bootloader/log\liblog.a(log.o)
 .rodata.crc32_le_table
                0x3ffe8db0      0x400 C:/esp8266/ESP8266_RTOS_SDK/examples/get-started/medida_tempo/build/bootloader/esp8266\libesp8266.a(crc.o)
 *(.gnu.linkonce.r.*)
 *(.rodata1)
                0x3ffe91b0                __XT_EXCEPTION_TABLE_ = ABSOLUTE (.)
 *(.xt_except_table)
 *(.gcc_except_table)
 *(.gnu.linkonce.e.*)
 *(.gnu.version_r)
 *(.eh_frame)
                0x3ffe91b0                . = ((. + 0x3) & 0xfffffffc)
                0x3ffe91b0                __init_array_start = ABSOLUTE (.)
 *crtbegin.o(.ctors)
 *(EXCLUDE_FILE(*crtend.o) .ctors)
 *(SORT_BY_NAME(.ctors.*))
 *(.ctors)
                0x3ffe91b0                __init_array_end = ABSOLUTE (.)
 *crtbegin.o(.dtors)
 *(EXCLUDE_FILE(*crtend.o) .dtors)
 *(SORT_BY_NAME(.dtors.*))
 *(.dtors)
                0x3ffe91b0                __XT_EXCEPTION_DESCS_ = ABSOLUTE (.)
 *(.xt_except_desc)
 *(.gnu.linkonce.h.*)
                0x3ffe91b0                __XT_EXCEPTION_DESCS_END__ = ABSOLUTE (.)
 *(.xt_except_desc_end)
 *(.dynamic)
 *(.gnu.version_d)
                0x3ffe91b0                _rodata_end = ABSOLUTE (.)
                0x3ffe91b0                _lit4_start = ABSOLUTE (.)
 *(*.lit4)
 *(.lit4.*)
 *(.gnu.linkonce.lit4.*)
                0x3ffe91b0                _lit4_end = ABSOLUTE (.)
                0x3ffe91b0                . = ALIGN (0x4)
                0x3ffe91b0                _heap_start = ABSOLUTE (.)
                0x60001100                PROVIDE (rtc_sys_info = 0x60001100)
                0x400040c0                PROVIDE (SPI_sector_erase = 0x400040c0)
                0x40004174                PROVIDE (SPI_page_program = 0x40004174)
                0x400042ac                PROVIDE (SPI_read_data = 0x400042ac)
                0x400043c8                PROVIDE (SPI_read_status = 0x400043c8)
                0x40004400                PROVIDE (SPI_write_status = 0x40004400)
                0x4000443c                PROVIDE (SPI_write_enable = 0x4000443c)
                0x4000448c                PROVIDE (Wait_SPI_Idle = 0x4000448c)
                0x400044c0                PROVIDE (Enable_QMode = 0x400044c0)
                [!provide]                PROVIDE (Disable_QMode = 0x40004508)
                0x40004678                PROVIDE (Cache_Read_Enable = 0x40004678)
                0x400047f0                PROVIDE (Cache_Read_Disable = 0x400047f0)
                [!provide]                PROVIDE (lldesc_build_chain = 0x40004f40)
                [!provide]                PROVIDE (lldesc_num2link = 0x40005050)
                [!provide]                PROVIDE (lldesc_set_owner = 0x4000507c)
                0x4000c538                __adddf3 = 0x4000c538
                0x4000c180                __addsf3 = 0x4000c180
                0x4000cb94                __divdf3 = 0x4000cb94
                0x4000ce60                __divdi3 = 0x4000ce60
                0x4000dc88                __divsi3 = 0x4000dc88
                0x4000cdfc                __extendsfdf2 = 0x4000cdfc
                0x4000ccb8                __fixdfsi = 0x4000ccb8
                0x4000cd00                __fixunsdfsi = 0x4000cd00
                0x4000c4c4                __fixunssfsi = 0x4000c4c4
                0x4000e2f0                __floatsidf = 0x4000e2f0
                0x4000e2ac                __floatsisf = 0x4000e2ac
                0x4000e2e8                __floatunsidf = 0x4000e2e8
                0x4000e2a4                __floatunsisf = 0x4000e2a4
                0x4000c8f0                __muldf3 = 0x4000c8f0
                0x40000650                __muldi3 = 0x40000650
                0x4000c3dc                __mulsf3 = 0x4000c3dc
                0x4000c688                __subdf3 = 0x4000c688
                0x4000c268                __subsf3 = 0x4000c268
                0x4000cd5c                __truncdfsf2 = 0x4000cd5c
                0x4000d310                __udivdi3 = 0x4000d310
                0x4000e21c                __udivsi3 = 0x4000e21c
                0x4000d770                __umoddi3 = 0x4000d770
                0x4000e268                __umodsi3 = 0x4000e268
                0x4000dcf0                __umulsidi3 = 0x4000dcf0
                0x4000de84                bzero = 0x4000de84
                0x4000dea8                memcmp = 0x4000dea8
                0x4000df48                memcpy = 0x4000df48
                0x4000e04c                memmove = 0x4000e04c
                0x4000e190                memset = 0x4000e190
                0x4000bdc8                strcmp = 0x4000bdc8
                0x4000bec8                strcpy = 0x4000bec8
                0x4000bf4c                strlen = 0x4000bf4c
                0x4000bfa8                strncmp = 0x4000bfa8
                0x4000c0a0                strncpy = 0x4000c0a0
                0x4000e1e0                strstr = 0x4000e1e0
                0x40004cf0                PROVIDE (gpio_input_get = 0x40004cf0)
                [!provide]                PROVIDE (gpio_pin_wakeup_disable = 0x40004ed4)
                [!provide]                PROVIDE (gpio_pin_wakeup_enable = 0x40004e90)
                0x40001f00                PROVIDE (ets_io_vprintf = 0x40001f00)
                [!provide]                PROVIDE (uart_rx_one_char = 0x40003b8c)
                [!provide]                PROVIDE (rom_i2c_readReg = 0x40007268)
                [!provide]                PROVIDE (rom_i2c_readReg_Mask = 0x4000729c)
                [!provide]                PROVIDE (rom_i2c_writeReg = 0x400072d8)
                [!provide]                PROVIDE (rom_i2c_writeReg_Mask = 0x4000730c)
                [!provide]                PROVIDE (rom_software_reboot = 0x40000080)
                [!provide]                PROVIDE (ets_memcpy = 0x400018b4)
                0x40004b1c                PROVIDE (SPIRead = 0x40004b1c)
                0x40004a4c                PROVIDE (SPIWrite = 0x40004a4c)
                0x40004a00                PROVIDE (SPIEraseSector = 0x40004a00)
                [!provide]                PROVIDE (gpio_input_get = 0x40004cf0)
                [!provide]                PROVIDE (xthal_get_ccount = 0x4000dd38)
                [!provide]                PROVIDE (uart_div_modify = 0x400039d8)
                [!provide]                PROVIDE (ets_io_vprintf = 0x40001f00)
                0x40002ecc                PROVIDE (ets_rom_delay_us = 0x40002ecc)
OUTPUT(C:/esp8266/ESP8266_RTOS_SDK/examples/get-started/medida_tempo/build/bootloader/bootloader.elf elf32-xtensa-le)

.debug_frame    0x00000000      0xb94
 .debug_frame   0x00000000       0x74 C:/esp8266/ESP8266_RTOS_SDK/examples/get-started/medida_tempo/build/bootloader/main\libmain.a(bootloader_start.o)
 .debug_frame   0x00000074      0x140 C:/esp8266/ESP8266_RTOS_SDK/examples/get-started/medida_tempo/build/bootloader/bootloader_support\libbootloader_support.a(bootloader_utility.o)
 .debug_frame   0x000001b4       0xb4 C:/esp8266/ESP8266_RTOS_SDK/examples/get-started/medida_tempo/build/bootloader/bootloader_support\libbootloader_support.a(bootloader_init.o)
 .debug_frame   0x00000268      0x170 C:/esp8266/ESP8266_RTOS_SDK/examples/get-started/medida_tempo/build/bootloader/bootloader_support\libbootloader_support.a(bootloader_flash.o)
 .debug_frame   0x000003d8      0x13c C:/esp8266/ESP8266_RTOS_SDK/examples/get-started/medida_tempo/build/bootloader/bootloader_support\libbootloader_support.a(esp_image_format.o)
 .debug_frame   0x00000514       0x38 C:/esp8266/ESP8266_RTOS_SDK/examples/get-started/medida_tempo/build/bootloader/bootloader_support\libbootloader_support.a(flash_partitions.o)
 .debug_frame   0x0000054c       0x74 C:/esp8266/ESP8266_RTOS_SDK/examples/get-started/medida_tempo/build/bootloader/bootloader_support\libbootloader_support.a(bootloader_common.o)
 .debug_frame   0x000005c0      0x350 C:/esp8266/ESP8266_RTOS_SDK/examples/get-started/medida_tempo/build/bootloader/spi_flash\libspi_flash.a(spi_flash.o)
 .debug_frame   0x00000910      0x16c C:/esp8266/ESP8266_RTOS_SDK/examples/get-started/medida_tempo/build/bootloader/spi_flash\libspi_flash.a(spi_flash_raw.o)
 .debug_frame   0x00000a7c       0x58 C:/esp8266/ESP8266_RTOS_SDK/examples/get-started/medida_tempo/build/bootloader/log\liblog.a(log.o)
 .debug_frame   0x00000ad4       0x80 C:/esp8266/ESP8266_RTOS_SDK/examples/get-started/medida_tempo/build/bootloader/esp8266\libesp8266.a(ets_printf.o)
 .debug_frame   0x00000b54       0x40 C:/esp8266/ESP8266_RTOS_SDK/examples/get-started/medida_tempo/build/bootloader/esp8266\libesp8266.a(crc.o)

.debug_info     0x00000000     0xcd2d
 .debug_info    0x00000000      0xdde C:/esp8266/ESP8266_RTOS_SDK/examples/get-started/medida_tempo/build/bootloader/main\libmain.a(bootloader_start.o)
 .debug_info    0x00000dde     0x178d C:/esp8266/ESP8266_RTOS_SDK/examples/get-started/medida_tempo/build/bootloader/bootloader_support\libbootloader_support.a(bootloader_utility.o)
 .debug_info    0x0000256b      0xebe C:/esp8266/ESP8266_RTOS_SDK/examples/get-started/medida_tempo/build/bootloader/bootloader_support\libbootloader_support.a(bootloader_init.o)
 .debug_info    0x00003429     0x13ab C:/esp8266/ESP8266_RTOS_SDK/examples/get-started/medida_tempo/build/bootloader/bootloader_support\libbootloader_support.a(bootloader_flash.o)
 .debug_info    0x000047d4     0x16ca C:/esp8266/ESP8266_RTOS_SDK/examples/get-started/medida_tempo/build/bootloader/bootloader_support\libbootloader_support.a(esp_image_format.o)
 .debug_info    0x00005e9e      0xca5 C:/esp8266/ESP8266_RTOS_SDK/examples/get-started/medida_tempo/build/bootloader/bootloader_support\libbootloader_support.a(flash_partitions.o)
 .debug_info    0x00006b43     0x12b3 C:/esp8266/ESP8266_RTOS_SDK/examples/get-started/medida_tempo/build/bootloader/bootloader_support\libbootloader_support.a(bootloader_common.o)
 .debug_info    0x00007df6     0x1e3a C:/esp8266/ESP8266_RTOS_SDK/examples/get-started/medida_tempo/build/bootloader/spi_flash\libspi_flash.a(spi_flash.o)
 .debug_info    0x00009c30     0x1096 C:/esp8266/ESP8266_RTOS_SDK/examples/get-started/medida_tempo/build/bootloader/spi_flash\libspi_flash.a(spi_flash_raw.o)
 .debug_info    0x0000acc6     0x12ba C:/esp8266/ESP8266_RTOS_SDK/examples/get-started/medida_tempo/build/bootloader/log\liblog.a(log.o)
 .debug_info    0x0000bf80      0xb66 C:/esp8266/ESP8266_RTOS_SDK/examples/get-started/medida_tempo/build/bootloader/esp8266\libesp8266.a(ets_printf.o)
 .debug_info    0x0000cae6      0x247 C:/esp8266/ESP8266_RTOS_SDK/examples/get-started/medida_tempo/build/bootloader/esp8266\libesp8266.a(crc.o)

.debug_abbrev   0x00000000     0x222b
 .debug_abbrev  0x00000000      0x2ee C:/esp8266/ESP8266_RTOS_SDK/examples/get-started/medida_tempo/build/bootloader/main\libmain.a(bootloader_start.o)
 .debug_abbrev  0x000002ee      0x355 C:/esp8266/ESP8266_RTOS_SDK/examples/get-started/medida_tempo/build/bootloader/bootloader_support\libbootloader_support.a(bootloader_utility.o)
 .debug_abbrev  0x00000643      0x302 C:/esp8266/ESP8266_RTOS_SDK/examples/get-started/medida_tempo/build/bootloader/bootloader_support\libbootloader_support.a(bootloader_init.o)
 .debug_abbrev  0x00000945      0x308 C:/esp8266/ESP8266_RTOS_SDK/examples/get-started/medida_tempo/build/bootloader/bootloader_support\libbootloader_support.a(bootloader_flash.o)
 .debug_abbrev  0x00000c4d      0x316 C:/esp8266/ESP8266_RTOS_SDK/examples/get-started/medida_tempo/build/bootloader/bootloader_support\libbootloader_support.a(esp_image_format.o)
 .debug_abbrev  0x00000f63      0x271 C:/esp8266/ESP8266_RTOS_SDK/examples/get-started/medida_tempo/build/bootloader/bootloader_support\libbootloader_support.a(flash_partitions.o)
 .debug_abbrev  0x000011d4      0x2c7 C:/esp8266/ESP8266_RTOS_SDK/examples/get-started/medida_tempo/build/bootloader/bootloader_support\libbootloader_support.a(bootloader_common.o)
 .debug_abbrev  0x0000149b      0x45b C:/esp8266/ESP8266_RTOS_SDK/examples/get-started/medida_tempo/build/bootloader/spi_flash\libspi_flash.a(spi_flash.o)
 .debug_abbrev  0x000018f6      0x29f C:/esp8266/ESP8266_RTOS_SDK/examples/get-started/medida_tempo/build/bootloader/spi_flash\libspi_flash.a(spi_flash_raw.o)
 .debug_abbrev  0x00001b95      0x315 C:/esp8266/ESP8266_RTOS_SDK/examples/get-started/medida_tempo/build/bootloader/log\liblog.a(log.o)
 .debug_abbrev  0x00001eaa      0x2a2 C:/esp8266/ESP8266_RTOS_SDK/examples/get-started/medida_tempo/build/bootloader/esp8266\libesp8266.a(ets_printf.o)
 .debug_abbrev  0x0000214c       0xdf C:/esp8266/ESP8266_RTOS_SDK/examples/get-started/medida_tempo/build/bootloader/esp8266\libesp8266.a(crc.o)

.debug_loc      0x00000000     0x3b06
 .debug_loc     0x00000000       0x9b C:/esp8266/ESP8266_RTOS_SDK/examples/get-started/medida_tempo/build/bootloader/main\libmain.a(bootloader_start.o)
 .debug_loc     0x0000009b      0x717 C:/esp8266/ESP8266_RTOS_SDK/examples/get-started/medida_tempo/build/bootloader/bootloader_support\libbootloader_support.a(bootloader_utility.o)
 .debug_loc     0x000007b2      0x108 C:/esp8266/ESP8266_RTOS_SDK/examples/get-started/medida_tempo/build/bootloader/bootloader_support\libbootloader_support.a(bootloader_init.o)
 .debug_loc     0x000008ba      0x836 C:/esp8266/ESP8266_RTOS_SDK/examples/get-started/medida_tempo/build/bootloader/bootloader_support\libbootloader_support.a(bootloader_flash.o)
 .debug_loc     0x000010f0      0xb53 C:/esp8266/ESP8266_RTOS_SDK/examples/get-started/medida_tempo/build/bootloader/bootloader_support\libbootloader_support.a(esp_image_format.o)
 .debug_loc     0x00001c43      0x11a C:/esp8266/ESP8266_RTOS_SDK/examples/get-started/medida_tempo/build/bootloader/bootloader_support\libbootloader_support.a(flash_partitions.o)
 .debug_loc     0x00001d5d      0x18f C:/esp8266/ESP8266_RTOS_SDK/examples/get-started/medida_tempo/build/bootloader/bootloader_support\libbootloader_support.a(bootloader_common.o)
 .debug_loc     0x00001eec     0x11ff C:/esp8266/ESP8266_RTOS_SDK/examples/get-started/medida_tempo/build/bootloader/spi_flash\libspi_flash.a(spi_flash.o)
 .debug_loc     0x000030eb      0x663 C:/esp8266/ESP8266_RTOS_SDK/examples/get-started/medida_tempo/build/bootloader/spi_flash\libspi_flash.a(spi_flash_raw.o)
 .debug_loc     0x0000374e      0x119 C:/esp8266/ESP8266_RTOS_SDK/examples/get-started/medida_tempo/build/bootloader/log\liblog.a(log.o)
 .debug_loc     0x00003867       0xe9 C:/esp8266/ESP8266_RTOS_SDK/examples/get-started/medida_tempo/build/bootloader/esp8266\libesp8266.a(ets_printf.o)
 .debug_loc     0x00003950      0x1b6 C:/esp8266/ESP8266_RTOS_SDK/examples/get-started/medida_tempo/build/bootloader/esp8266\libesp8266.a(crc.o)

.debug_aranges  0x00000000      0x3d8
 .debug_aranges
                0x00000000       0x30 C:/esp8266/ESP8266_RTOS_SDK/examples/get-started/medida_tempo/build/bootloader/main\libmain.a(bootloader_start.o)
 .debug_aranges
                0x00000030       0x60 C:/esp8266/ESP8266_RTOS_SDK/examples/get-started/medida_tempo/build/bootloader/bootloader_support\libbootloader_support.a(bootloader_utility.o)
 .debug_aranges
                0x00000090       0x40 C:/esp8266/ESP8266_RTOS_SDK/examples/get-started/medida_tempo/build/bootloader/bootloader_support\libbootloader_support.a(bootloader_init.o)
 .debug_aranges
                0x000000d0       0x70 C:/esp8266/ESP8266_RTOS_SDK/examples/get-started/medida_tempo/build/bootloader/bootloader_support\libbootloader_support.a(bootloader_flash.o)
 .debug_aranges
                0x00000140       0x60 C:/esp8266/ESP8266_RTOS_SDK/examples/get-started/medida_tempo/build/bootloader/bootloader_support\libbootloader_support.a(esp_image_format.o)
 .debug_aranges
                0x000001a0       0x20 C:/esp8266/ESP8266_RTOS_SDK/examples/get-started/medida_tempo/build/bootloader/bootloader_support\libbootloader_support.a(flash_partitions.o)
 .debug_aranges
                0x000001c0       0x30 C:/esp8266/ESP8266_RTOS_SDK/examples/get-started/medida_tempo/build/bootloader/bootloader_support\libbootloader_support.a(bootloader_common.o)
 .debug_aranges
                0x000001f0       0xe8 C:/esp8266/ESP8266_RTOS_SDK/examples/get-started/medida_tempo/build/bootloader/spi_flash\libspi_flash.a(spi_flash.o)
 .debug_aranges
                0x000002d8       0x70 C:/esp8266/ESP8266_RTOS_SDK/examples/get-started/medida_tempo/build/bootloader/spi_flash\libspi_flash.a(spi_flash_raw.o)
 .debug_aranges
                0x00000348       0x28 C:/esp8266/ESP8266_RTOS_SDK/examples/get-started/medida_tempo/build/bootloader/log\liblog.a(log.o)
 .debug_aranges
                0x00000370       0x38 C:/esp8266/ESP8266_RTOS_SDK/examples/get-started/medida_tempo/build/bootloader/esp8266\libesp8266.a(ets_printf.o)
 .debug_aranges
                0x000003a8       0x30 C:/esp8266/ESP8266_RTOS_SDK/examples/get-started/medida_tempo/build/bootloader/esp8266\libesp8266.a(crc.o)

.debug_ranges   0x00000000      0x348
 .debug_ranges  0x00000000       0x20 C:/esp8266/ESP8266_RTOS_SDK/examples/get-started/medida_tempo/build/bootloader/main\libmain.a(bootloader_start.o)
 .debug_ranges  0x00000020       0x50 C:/esp8266/ESP8266_RTOS_SDK/examples/get-started/medida_tempo/build/bootloader/bootloader_support\libbootloader_support.a(bootloader_utility.o)
 .debug_ranges  0x00000070       0x30 C:/esp8266/ESP8266_RTOS_SDK/examples/get-started/medida_tempo/build/bootloader/bootloader_support\libbootloader_support.a(bootloader_init.o)
 .debug_ranges  0x000000a0       0x60 C:/esp8266/ESP8266_RTOS_SDK/examples/get-started/medida_tempo/build/bootloader/bootloader_support\libbootloader_support.a(bootloader_flash.o)
 .debug_ranges  0x00000100       0x68 C:/esp8266/ESP8266_RTOS_SDK/examples/get-started/medida_tempo/build/bootloader/bootloader_support\libbootloader_support.a(esp_image_format.o)
 .debug_ranges  0x00000168       0x10 C:/esp8266/ESP8266_RTOS_SDK/examples/get-started/medida_tempo/build/bootloader/bootloader_support\libbootloader_support.a(flash_partitions.o)
 .debug_ranges  0x00000178       0x20 C:/esp8266/ESP8266_RTOS_SDK/examples/get-started/medida_tempo/build/bootloader/bootloader_support\libbootloader_support.a(bootloader_common.o)
 .debug_ranges  0x00000198       0xf0 C:/esp8266/ESP8266_RTOS_SDK/examples/get-started/medida_tempo/build/bootloader/spi_flash\libspi_flash.a(spi_flash.o)
 .debug_ranges  0x00000288       0x60 C:/esp8266/ESP8266_RTOS_SDK/examples/get-started/medida_tempo/build/bootloader/spi_flash\libspi_flash.a(spi_flash_raw.o)
 .debug_ranges  0x000002e8       0x18 C:/esp8266/ESP8266_RTOS_SDK/examples/get-started/medida_tempo/build/bootloader/log\liblog.a(log.o)
 .debug_ranges  0x00000300       0x28 C:/esp8266/ESP8266_RTOS_SDK/examples/get-started/medida_tempo/build/bootloader/esp8266\libesp8266.a(ets_printf.o)
 .debug_ranges  0x00000328       0x20 C:/esp8266/ESP8266_RTOS_SDK/examples/get-started/medida_tempo/build/bootloader/esp8266\libesp8266.a(crc.o)

.debug_line     0x00000000     0x8082
 .debug_line    0x00000000      0x535 C:/esp8266/ESP8266_RTOS_SDK/examples/get-started/medida_tempo/build/bootloader/main\libmain.a(bootloader_start.o)
 .debug_line    0x00000535     0x12c5 C:/esp8266/ESP8266_RTOS_SDK/examples/get-started/medida_tempo/build/bootloader/bootloader_support\libbootloader_support.a(bootloader_utility.o)
 .debug_line    0x000017fa      0x7ed C:/esp8266/ESP8266_RTOS_SDK/examples/get-started/medida_tempo/build/bootloader/bootloader_support\libbootloader_support.a(bootloader_init.o)
 .debug_line    0x00001fe7      0xe66 C:/esp8266/ESP8266_RTOS_SDK/examples/get-started/medida_tempo/build/bootloader/bootloader_support\libbootloader_support.a(bootloader_flash.o)
 .debug_line    0x00002e4d     0x1195 C:/esp8266/ESP8266_RTOS_SDK/examples/get-started/medida_tempo/build/bootloader/bootloader_support\libbootloader_support.a(esp_image_format.o)
 .debug_line    0x00003fe2      0x583 C:/esp8266/ESP8266_RTOS_SDK/examples/get-started/medida_tempo/build/bootloader/bootloader_support\libbootloader_support.a(flash_partitions.o)
 .debug_line    0x00004565      0x55e C:/esp8266/ESP8266_RTOS_SDK/examples/get-started/medida_tempo/build/bootloader/bootloader_support\libbootloader_support.a(bootloader_common.o)
 .debug_line    0x00004ac3     0x1efb C:/esp8266/ESP8266_RTOS_SDK/examples/get-started/medida_tempo/build/bootloader/spi_flash\libspi_flash.a(spi_flash.o)
 .debug_line    0x000069be      0xb42 C:/esp8266/ESP8266_RTOS_SDK/examples/get-started/medida_tempo/build/bootloader/spi_flash\libspi_flash.a(spi_flash_raw.o)
 .debug_line    0x00007500      0x4a7 C:/esp8266/ESP8266_RTOS_SDK/examples/get-started/medida_tempo/build/bootloader/log\liblog.a(log.o)
 .debug_line    0x000079a7      0x398 C:/esp8266/ESP8266_RTOS_SDK/examples/get-started/medida_tempo/build/bootloader/esp8266\libesp8266.a(ets_printf.o)
 .debug_line    0x00007d3f      0x343 C:/esp8266/ESP8266_RTOS_SDK/examples/get-started/medida_tempo/build/bootloader/esp8266\libesp8266.a(crc.o)

.debug_str      0x00000000     0x26da
 .debug_str     0x00000000      0x864 C:/esp8266/ESP8266_RTOS_SDK/examples/get-started/medida_tempo/build/bootloader/main\libmain.a(bootloader_start.o)
                                0x939 (size before relaxing)
 .debug_str     0x00000864      0x342 C:/esp8266/ESP8266_RTOS_SDK/examples/get-started/medida_tempo/build/bootloader/bootloader_support\libbootloader_support.a(bootloader_utility.o)
                                0xbc8 (size before relaxing)
 .debug_str     0x00000ba6      0x351 C:/esp8266/ESP8266_RTOS_SDK/examples/get-started/medida_tempo/build/bootloader/bootloader_support\libbootloader_support.a(bootloader_init.o)
                                0xa7c (size before relaxing)
 .debug_str     0x00000ef7      0x28f C:/esp8266/ESP8266_RTOS_SDK/examples/get-started/medida_tempo/build/bootloader/bootloader_support\libbootloader_support.a(bootloader_flash.o)
                                0x9ec (size before relaxing)
 .debug_str     0x00001186      0x1c3 C:/esp8266/ESP8266_RTOS_SDK/examples/get-started/medida_tempo/build/bootloader/bootloader_support\libbootloader_support.a(esp_image_format.o)
                                0xbb6 (size before relaxing)
 .debug_str     0x00001349       0x7b C:/esp8266/ESP8266_RTOS_SDK/examples/get-started/medida_tempo/build/bootloader/bootloader_support\libbootloader_support.a(flash_partitions.o)
                                0x7e4 (size before relaxing)
 .debug_str     0x000013c4      0xab3 C:/esp8266/ESP8266_RTOS_SDK/examples/get-started/medida_tempo/build/bootloader/bootloader_support\libbootloader_support.a(bootloader_common.o)
                               0x10f6 (size before relaxing)
 .debug_str     0x00001e77      0x4c7 C:/esp8266/ESP8266_RTOS_SDK/examples/get-started/medida_tempo/build/bootloader/spi_flash\libspi_flash.a(spi_flash.o)
                                0xd4e (size before relaxing)
 .debug_str     0x0000233e      0x123 C:/esp8266/ESP8266_RTOS_SDK/examples/get-started/medida_tempo/build/bootloader/spi_flash\libspi_flash.a(spi_flash_raw.o)
                                0x8e3 (size before relaxing)
 .debug_str     0x00002461      0x13a C:/esp8266/ESP8266_RTOS_SDK/examples/get-started/medida_tempo/build/bootloader/log\liblog.a(log.o)
                               0x105f (size before relaxing)
 .debug_str     0x0000259b       0xc5 C:/esp8266/ESP8266_RTOS_SDK/examples/get-started/medida_tempo/build/bootloader/esp8266\libesp8266.a(ets_printf.o)
                                0x6c4 (size before relaxing)
 .debug_str     0x00002660       0x7a C:/esp8266/ESP8266_RTOS_SDK/examples/get-started/medida_tempo/build/bootloader/esp8266\libesp8266.a(crc.o)
                                0x1ec (size before relaxing)

.comment        0x00000000       0x6b
 .comment       0x00000000       0x31 C:/esp8266/ESP8266_RTOS_SDK/examples/get-started/medida_tempo/build/bootloader/main\libmain.a(bootloader_start.o)
                                 0x32 (size before relaxing)
 .comment       0x00000031       0x32 C:/esp8266/ESP8266_RTOS_SDK/examples/get-started/medida_tempo/build/bootloader/bootloader_support\libbootloader_support.a(bootloader_utility.o)
 .comment       0x00000031       0x32 C:/esp8266/ESP8266_RTOS_SDK/examples/get-started/medida_tempo/build/bootloader/bootloader_support\libbootloader_support.a(bootloader_init.o)
 .comment       0x00000031       0x32 C:/esp8266/ESP8266_RTOS_SDK/examples/get-started/medida_tempo/build/bootloader/bootloader_support\libbootloader_support.a(bootloader_flash.o)
 .comment       0x00000031       0x32 C:/esp8266/ESP8266_RTOS_SDK/examples/get-started/medida_tempo/build/bootloader/bootloader_support\libbootloader_support.a(esp_image_format.o)
 .comment       0x00000031       0x32 C:/esp8266/ESP8266_RTOS_SDK/examples/get-started/medida_tempo/build/bootloader/bootloader_support\libbootloader_support.a(flash_partitions.o)
 .comment       0x00000031       0x32 C:/esp8266/ESP8266_RTOS_SDK/examples/get-started/medida_tempo/build/bootloader/bootloader_support\libbootloader_support.a(bootloader_common.o)
 .comment       0x00000031       0x32 C:/esp8266/ESP8266_RTOS_SDK/examples/get-started/medida_tempo/build/bootloader/spi_flash\libspi_flash.a(spi_flash.o)
 .comment       0x00000031       0x32 C:/esp8266/ESP8266_RTOS_SDK/examples/get-started/medida_tempo/build/bootloader/spi_flash\libspi_flash.a(spi_flash_raw.o)
 .comment       0x00000031       0x32 C:/esp8266/ESP8266_RTOS_SDK/examples/get-started/medida_tempo/build/bootloader/log\liblog.a(log.o)
 .comment       0x00000031       0x32 C:/esp8266/ESP8266_RTOS_SDK/examples/get-started/medida_tempo/build/bootloader/esp8266\libesp8266.a(ets_printf.o)
 .comment       0x00000031       0x32 C:/esp8266/ESP8266_RTOS_SDK/examples/get-started/medida_tempo/build/bootloader/esp8266\libesp8266.a(crc.o)
 .comment       0x00000031       0x3a C:/esp8266/ESP8266_RTOS_SDK/components/esp8266/lib\libcore.a(phy.o)
                                 0x3b (size before relaxing)
 .comment       0x0000006b       0x3b C:/esp8266/ESP8266_RTOS_SDK/components/esp8266/lib\libcore.a(uart.o)

.xtensa.info    0x00000000       0x38
 .xtensa.info   0x00000000       0x38 C:/esp8266/ESP8266_RTOS_SDK/examples/get-started/medida_tempo/build/bootloader/main\libmain.a(bootloader_start.o)
 .xtensa.info   0x00000038        0x0 C:/esp8266/ESP8266_RTOS_SDK/examples/get-started/medida_tempo/build/bootloader/bootloader_support\libbootloader_support.a(bootloader_utility.o)
 .xtensa.info   0x00000038        0x0 C:/esp8266/ESP8266_RTOS_SDK/examples/get-started/medida_tempo/build/bootloader/bootloader_support\libbootloader_support.a(bootloader_init.o)
 .xtensa.info   0x00000038        0x0 C:/esp8266/ESP8266_RTOS_SDK/examples/get-started/medida_tempo/build/bootloader/bootloader_support\libbootloader_support.a(bootloader_flash.o)
 .xtensa.info   0x00000038        0x0 C:/esp8266/ESP8266_RTOS_SDK/examples/get-started/medida_tempo/build/bootloader/bootloader_support\libbootloader_support.a(esp_image_format.o)
 .xtensa.info   0x00000038        0x0 C:/esp8266/ESP8266_RTOS_SDK/examples/get-started/medida_tempo/build/bootloader/bootloader_support\libbootloader_support.a(flash_partitions.o)
 .xtensa.info   0x00000038        0x0 C:/esp8266/ESP8266_RTOS_SDK/examples/get-started/medida_tempo/build/bootloader/bootloader_support\libbootloader_support.a(bootloader_common.o)
 .xtensa.info   0x00000038        0x0 C:/esp8266/ESP8266_RTOS_SDK/examples/get-started/medida_tempo/build/bootloader/spi_flash\libspi_flash.a(spi_flash.o)
 .xtensa.info   0x00000038        0x0 C:/esp8266/ESP8266_RTOS_SDK/examples/get-started/medida_tempo/build/bootloader/spi_flash\libspi_flash.a(spi_flash_raw.o)
 .xtensa.info   0x00000038        0x0 C:/esp8266/ESP8266_RTOS_SDK/examples/get-started/medida_tempo/build/bootloader/log\liblog.a(log.o)
 .xtensa.info   0x00000038        0x0 C:/esp8266/ESP8266_RTOS_SDK/examples/get-started/medida_tempo/build/bootloader/esp8266\libesp8266.a(ets_printf.o)
 .xtensa.info   0x00000038        0x0 C:/esp8266/ESP8266_RTOS_SDK/examples/get-started/medida_tempo/build/bootloader/esp8266\libesp8266.a(crc.o)
 .xtensa.info   0x00000038        0x0 C:/esp8266/ESP8266_RTOS_SDK/examples/get-started/medida_tempo/build/bootloader/esp8266\libesp8266.a(esp_fast_boot.o)
 .xtensa.info   0x00000038        0x0 C:/esp8266/ESP8266_RTOS_SDK/components/esp8266/lib\libcore.a(phy.o)
 .xtensa.info   0x00000038        0x0 C:/esp8266/ESP8266_RTOS_SDK/components/esp8266/lib\libcore.a(uart.o)
